ASxxxx Linker V03.00 + NoICE + sdld,  page 1.
Hexadecimal  [32-Bits]

Area                                    Addr        Size        Decimal Bytes (Attributes)
--------------------------------        ----        ----        ------- ----- ------------
CABS                                00000000    00000000 =           0. bytes (ABS,CON,CODE)

      Value  Global                              Global Defined In Module
      -----  --------------------------------   ------------------------
C:   00000000  l_BIT_BANK                      
C:   00000000  l_CABS                          
C:   00000000  l_CONST                         
C:   00000000  l_GSINIT1                       
C:   00000000  l_GSINIT5                       
C:   00000000  l_IABS                          
C:   00000000  l_PSEG                          
C:   00000000  l_REG_BANK_2                    
C:   00000000  l_REG_BANK_3                    
C:   00000000  l_RSEG                          
C:   00000000  l_RSEG0                         
C:   00000000  l_RSEG1                         
C:   00000000  l_XABS                          
C:   00000000  l__CODE                         
C:   00000000  s_BSEG                          
C:   00000000  s_CABS                          
C:   00000000  s_DSEG                          
C:   00000000  s_HOME                          
C:   00000000  s_IABS                          
C:   00000000  s_PSEG                          
C:   00000000  s_REG_BANK_0                    
C:   00000000  s_RSEG                          
C:   00000000  s_RSEG0                         
C:   00000000  s_RSEG1                         
C:   00000000  s_XABS                          
C:   00000000  s_XSEG                          
C:   00000001  l_BSEG_BYTES                    
C:   00000002  l_BSEG                          
C:   00000002  l_XINIT                         
C:   00000002  l_XISEG                         
C:   00000003  l_GSFINAL                       
C:   00000003  l_GSINIT0                       
C:   00000004  l_ISEG                          
C:   00000008  l_REG_BANK_0                    
C:   00000008  l_REG_BANK_1                    
C:   00000008  s_REG_BANK_1                    
C:   0000000A  l_GSINIT2                       
C:   0000000A  l_OSEG                          
C:   0000000A  l_XSEG                          
C:   0000000A  s_XISEG                         
C:   0000000E  l_GSINIT                        
C:   00000010  s_OSEG                          
C:   00000010  s_REG_BANK_2                    
C:   00000018  s_BIT_BANK                      
C:   00000018  s_REG_BANK_3                    
C:   0000001A  s_ISEG                          
C:   00000020  s_BSEG_BYTES                    
C:   00000020  s__CODE                         
C:   00000021  s_SSEG                          
C:   00000022  l_GSINIT3                       
ASxxxx Linker V03.00 + NoICE + sdld,  page 2.
Hexadecimal  [32-Bits]

Area                                    Addr        Size        Decimal Bytes (Attributes)
--------------------------------        ----        ----        ------- ----- ------------
CABS                                00000000    00000000 =           0. bytes (ABS,CON,CODE)

      Value  Global                              Global Defined In Module
      -----  --------------------------------   ------------------------
C:   0000002A  l_GSINIT4                       
C:   00000031  l_HOME                          
C:   00000031  s_GSINIT0                       
C:   00000034  s_GSINIT1                       
C:   00000034  s_GSINIT2                       
C:   0000003E  s_GSINIT3                       
C:   00000060  s_GSINIT4                       
C:   0000007E  l_DSEG                          
C:   0000008A  s_GSINIT                        
C:   0000008A  s_GSINIT5                       
C:   00000098  s_GSFINAL                       
C:   0000009B  s_CSEG                          
C:   000000DF  l_SSEG                          
C:   00000100  l_IRAM                          
C:   00000205  l_CSEG                          
C:   000002A0  s_CONST                         
C:   000002A0  s_XINIT                         

ASxxxx Linker V03.00 + NoICE + sdld,  page 3.
Hexadecimal  [32-Bits]

Area                                    Addr        Size        Decimal Bytes (Attributes)
--------------------------------        ----        ----        ------- ----- ------------
.  .ABS.                            00000000    00000000 =           0. bytes (ABS,CON)

      Value  Global                              Global Defined In Module
      -----  --------------------------------   ------------------------
     00000000  .__.ABS.                           _startup
     00000080  _ADC_CHAN0                         sys
     00000080  _ADC_CTRL                          sys
     00000081  _ADC_CHAN1                         sys
     00000081  _SP                                sys
     00000082  _DPL                               sys
     00000083  _CMP_CHAN                          sys
     00000083  _DPH                               sys
     00000084  _ADC_START                         sys
     00000084  _ROM_ADDR_L                        sys
     00000085  _ADC_IF                            sys
     00000085  _ROM_ADDR_H                        sys
     00000086  _CMP_IF                            sys
     00000086  _ROM_CTRL                          sys
     00000087  _CMPO                              sys
     00000087  _PCON                              sys
     00000088  _IT0                               sys
     00000088  _TCON                              sys
     00000089  _IE0                               sys
     00000089  _TMOD                              sys
     0000008A  _IT1                               sys
     0000008A  _TL0                               sys
     0000008B  _IE1                               sys
     0000008B  _TL1                               sys
     0000008C  _TH0                               sys
     0000008C  _TR0                               sys
     0000008D  _TF0                               sys
     0000008D  _TH1                               sys
     0000008E  _ROM_DATA_L                        sys
     0000008E  _TR1                               sys
     0000008F  _ROM_DATA_H                        sys
     0000008F  _TF1                               sys
     00000090  _CAP1                              sys
     00000090  _P1                                sys
     00000090  _T2                                sys
     00000090  _TIN0                              sys
     00000091  _AIN0                              sys
     00000091  _CAP2                              sys
     00000091  _T2EX                              sys
     00000091  _TIN1                              sys
     00000091  _USB_C_CTRL                        sys
     00000091  _VBUS2                             sys
     00000092  _P1_MOD_OC                         sys
     00000092  _RXD_                              sys
     00000093  _P1_DIR_PU                         sys
     00000093  _TXD_                              sys
     00000094  _AIN1                              sys
     00000094  _CAP1_                             sys
     00000094  _SCS                               sys
     00000094  _T2_                               sys
ASxxxx Linker V03.00 + NoICE + sdld,  page 4.
Hexadecimal  [32-Bits]

Area                                    Addr        Size        Decimal Bytes (Attributes)
--------------------------------        ----        ----        ------- ----- ------------
.  .ABS.                            00000000    00000000 =           0. bytes (ABS,CON)

      Value  Global                              Global Defined In Module
      -----  --------------------------------   ------------------------
     00000094  _TIN2                              sys
     00000094  _UCC1                              sys
     00000095  _AIN2                              sys
     00000095  _MOSI                              sys
     00000095  _PWM1                              sys
     00000095  _TIN3                              sys
     00000095  _UCC2                              sys
     00000096  _MISO                              sys
     00000096  _P3_MOD_OC                         sys
     00000096  _RXD1                              sys
     00000096  _TIN4                              sys
     00000097  _CTL                               main
     00000097  _P3_DIR_PU                         sys
     00000097  _SCK                               sys
     00000097  _TIN5                              sys
     00000097  _TXD1                              sys
     00000098  _RI                                sys
     00000098  _SCON                              sys
     00000099  _SBUF                              sys
     00000099  _TI                                sys
     0000009A  _ADC_CFG                           sys
     0000009A  _RB8                               sys
     0000009B  _PWM_DATA2                         sys
     0000009B  _TB8                               sys
     0000009C  _PWM_DATA1                         sys
     0000009C  _REN                               sys
     0000009D  _PWM_CTRL                          sys
     0000009D  _SM2                               sys
     0000009E  _PWM_CK_SE                         sys
     0000009E  _SM1                               sys
     0000009F  _ADC_DATA                          sys
     0000009F  _SM0                               sys
     000000A0  _P2                                sys
     000000A0  __XPAGE                            
     000000A1  _SAFE_MOD                          sys
     000000A2  _XBUS_AUX                          sys
     000000A8  _EX0                               sys
     000000A8  _IE                                sys
     000000A9  _ET0                               sys
     000000A9  _WAKE_CTRL                         sys
     000000AA  _EX1                               sys
     000000AB  _ET1                               sys
     000000AC  _ES                                sys
     000000AD  _ET2                               sys
     000000AE  _E_DIS                             sys
     000000AF  _EA                                sys
     000000B0  _KEY                               main
     000000B0  _P3                                sys
     000000B0  _PWM1_                             sys
     000000B0  _RXD                               sys
     000000B1  _GLOBAL_CFG                        sys
ASxxxx Linker V03.00 + NoICE + sdld,  page 5.
Hexadecimal  [32-Bits]

Area                                    Addr        Size        Decimal Bytes (Attributes)
--------------------------------        ----        ----        ------- ----- ------------
.  .ABS.                            00000000    00000000 =           0. bytes (ABS,CON)

      Value  Global                              Global Defined In Module
      -----  --------------------------------   ------------------------
     000000B1  _PWM2_                             sys
     000000B1  _RST                               main
     000000B1  _TXD                               sys
     000000B2  _ACT                               main
     000000B2  _AIN3                              sys
     000000B2  _INT0                              sys
     000000B2  _TXD1_                             sys
     000000B2  _VBUS1                             sys
     000000B3  _INT1                              sys
     000000B4  _PWM2                              sys
     000000B4  _RXD1_                             sys
     000000B4  _T0                                sys
     000000B5  _T1                                sys
     000000B6  _UDP                               sys
     000000B7  _UDM                               sys
     000000B8  _IP                                sys
     000000B8  _PX0                               sys
     000000B9  _CLOCK_CFG                         sys
     000000B9  _PT0                               sys
     000000BA  _PX1                               sys
     000000BB  _PT1                               sys
     000000BC  _PS                                sys
     000000BD  _PT2                               sys
     000000BE  _PL_FLAG                           sys
     000000BF  _PH_FLAG                           sys
     000000C0  _SCON1                             sys
     000000C0  _U1RI                              sys
     000000C1  _SBUF1                             sys
     000000C1  _U1TI                              sys
     000000C2  _SBAUD1                            sys
     000000C2  _U1RB8                             sys
     000000C3  _TKEY_CTRL                         sys
     000000C3  _U1TB8                             sys
     000000C4  _TKEY_DATL                         sys
     000000C4  _U1REN                             sys
     000000C5  _TKEY_DATH                         sys
     000000C5  _U1SMOD                            sys
     000000C6  _PIN_FUNC                          sys
     000000C7  _GPIO_IE                           sys
     000000C7  _U1SM0                             sys
     000000C8  _CP_RL2                            sys
     000000C8  _T2CON                             sys
     000000C9  _C_T2                              sys
     000000C9  _T2MOD                             sys
     000000CA  _RCAP2L                            sys
     000000CA  _TR2                               sys
     000000CB  _EXEN2                             sys
     000000CB  _RCAP2H                            sys
     000000CC  _TCLK                              sys
     000000CC  _TL2                               sys
     000000CD  _RCLK                              sys
ASxxxx Linker V03.00 + NoICE + sdld,  page 6.
Hexadecimal  [32-Bits]

Area                                    Addr        Size        Decimal Bytes (Attributes)
--------------------------------        ----        ----        ------- ----- ------------
.  .ABS.                            00000000    00000000 =           0. bytes (ABS,CON)

      Value  Global                              Global Defined In Module
      -----  --------------------------------   ------------------------
     000000CD  _TH2                               sys
     000000CE  _EXF2                              sys
     000000CE  _T2CAP1L                           sys
     000000CF  _CAP1F                             sys
     000000CF  _T2CAP1H                           sys
     000000CF  _TF2                               sys
     000000D0  _P                                 sys
     000000D0  _PSW                               sys
     000000D1  _F1                                sys
     000000D1  _UDEV_CTRL                         sys
     000000D2  _OV                                sys
     000000D2  _UEP1_CTRL                         sys
     000000D3  _RS0                               sys
     000000D3  _UEP1_T_LEN                        sys
     000000D4  _RS1                               sys
     000000D4  _UEP2_CTRL                         sys
     000000D5  _F0                                sys
     000000D5  _UEP2_T_LEN                        sys
     000000D6  _AC                                sys
     000000D6  _UEP3_CTRL                         sys
     000000D7  _CY                                sys
     000000D7  _UEP3_T_LEN                        sys
     000000D8  _UIF_BUS_RST                       sys
     000000D8  _USB_INT_FG                        sys
     000000D9  _UIF_TRANSFER                      sys
     000000D9  _USB_INT_ST                        sys
     000000DA  _UIF_SUSPEND                       sys
     000000DA  _USB_MIS_ST                        sys
     000000DB  _USB_RX_LEN                        sys
     000000DC  _UEP0_CTRL                         sys
     000000DC  _UIF_FIFO_OV                       sys
     000000DD  _UEP0_T_LEN                        sys
     000000DD  _U_SIE_FREE                        sys
     000000DE  _UEP4_CTRL                         sys
     000000DE  _U_TOG_OK                          sys
     000000DF  _UEP4_T_LEN                        sys
     000000DF  _U_IS_NAK                          sys
     000000E0  _ACC                               sys
     000000E1  _USB_INT_EN                        sys
     000000E2  _USB_CTRL                          sys
     000000E3  _USB_DEV_AD                        sys
     000000E4  _UEP2_DMA_L                        sys
     000000E5  _UEP2_DMA_H                        sys
     000000E6  _UEP3_DMA_L                        sys
     000000E7  _UEP3_DMA_H                        sys
     000000E8  _IE_EX                             sys
     000000E8  _IE_SPI0                           sys
     000000E9  _IE_TKEY                           sys
     000000E9  _IP_EX                             sys
     000000EA  _IE_USB                            sys
     000000EA  _UEP4_1_MOD                        sys
ASxxxx Linker V03.00 + NoICE + sdld,  page 7.
Hexadecimal  [32-Bits]

Area                                    Addr        Size        Decimal Bytes (Attributes)
--------------------------------        ----        ----        ------- ----- ------------
.  .ABS.                            00000000    00000000 =           0. bytes (ABS,CON)

      Value  Global                              Global Defined In Module
      -----  --------------------------------   ------------------------
     000000EB  _IE_ADC                            sys
     000000EB  _UEP2_3_MOD                        sys
     000000EC  _IE_UART1                          sys
     000000EC  _UEP0_DMA_L                        sys
     000000ED  _IE_PWMX                           sys
     000000ED  _UEP0_DMA_H                        sys
     000000EE  _IE_GPIO                           sys
     000000EE  _UEP1_DMA_L                        sys
     000000EF  _IE_WDOG                           sys
     000000EF  _UEP1_DMA_H                        sys
     000000F0  _B                                 sys
     000000F8  _S0_R_FIFO                         sys
     000000F8  _SPI0_STAT                         sys
     000000F9  _SPI0_DATA                         sys
     000000FA  _S0_T_FIFO                         sys
     000000FA  _SPI0_CTRL                         sys
     000000FB  _S0_FREE                           sys
     000000FB  _SPI0_CK_SE                        sys
     000000FC  _S0_IF_BYTE                        sys
     000000FC  _SPI0_SETUP                        sys
     000000FD  _S0_IF_FIRST                       sys
     000000FE  _RESET_KEEP                        sys
     000000FE  _S0_IF_OV                          sys
     000000FF  _S0_FST_ACT                        sys
     000000FF  _WDOG_COUNT                        sys
     00008584  _ROM_ADDR                          sys
     00008F8E  _ROM_DATA                          sys
     0000C5C4  _TKEY_DAT                          sys
     0000CBCA  _RCAP2                             sys
     0000CDCC  _T2COUNT                           sys
     0000CFCE  _T2CAP1                            sys
     0000E5E4  _UEP2_DMA                          sys
     0000E7E6  _UEP3_DMA                          sys
     0000EDEC  _UEP0_DMA                          sys
     0000EFEE  _UEP1_DMA                          sys

ASxxxx Linker V03.00 + NoICE + sdld,  page 8.
Hexadecimal  [32-Bits]

Area                                    Addr        Size        Decimal Bytes (Attributes)
--------------------------------        ----        ----        ------- ----- ------------
BSEG_BYTES                          00000020    00000001 =           1. bytes (REL,CON)

      Value  Global                              Global Defined In Module
      -----  --------------------------------   ------------------------
ASxxxx Linker V03.00 + NoICE + sdld,  page 9.
Hexadecimal  [32-Bits]

Area                                    Addr        Size        Decimal Bytes (Attributes)
--------------------------------        ----        ----        ------- ----- ------------
REG_BANK_0                          00000000    00000008 =           8. bytes (REL,OVR)

      Value  Global                              Global Defined In Module
      -----  --------------------------------   ------------------------
ASxxxx Linker V03.00 + NoICE + sdld,  page 10.
Hexadecimal  [32-Bits]

Area                                    Addr        Size        Decimal Bytes (Attributes)
--------------------------------        ----        ----        ------- ----- ------------
REG_BANK_1                          00000008    00000008 =           8. bytes (REL,OVR)

      Value  Global                              Global Defined In Module
      -----  --------------------------------   ------------------------
ASxxxx Linker V03.00 + NoICE + sdld,  page 11.
Hexadecimal  [32-Bits]

Area                                    Addr        Size        Decimal Bytes (Attributes)
--------------------------------        ----        ----        ------- ----- ------------
DSEG                                00000000    0000007E =         126. bytes (REL,CON)

      Value  Global                              Global Defined In Module
      -----  --------------------------------   ------------------------
ASxxxx Linker V03.00 + NoICE + sdld,  page 12.
Hexadecimal  [32-Bits]

Area                                    Addr        Size        Decimal Bytes (Attributes)
--------------------------------        ----        ----        ------- ----- ------------
OSEG                                00000010    0000000A =          10. bytes (REL,OVR)

      Value  Global                              Global Defined In Module
      -----  --------------------------------   ------------------------
ASxxxx Linker V03.00 + NoICE + sdld,  page 13.
Hexadecimal  [32-Bits]

Area                                    Addr        Size        Decimal Bytes (Attributes)
--------------------------------        ----        ----        ------- ----- ------------
ISEG                                0000001A    00000004 =           4. bytes (REL,CON)

      Value  Global                              Global Defined In Module
      -----  --------------------------------   ------------------------
     0000001A  _sysTickCount                      sys

ASxxxx Linker V03.00 + NoICE + sdld,  page 14.
Hexadecimal  [32-Bits]

Area                                    Addr        Size        Decimal Bytes (Attributes)
--------------------------------        ----        ----        ------- ----- ------------
SSEG                                00000021    000000DF =         223. bytes (REL,OVR)

      Value  Global                              Global Defined In Module
      -----  --------------------------------   ------------------------
     00000021  __start__stack                     main

ASxxxx Linker V03.00 + NoICE + sdld,  page 15.
Hexadecimal  [32-Bits]

Area                                    Addr        Size        Decimal Bytes (Attributes)
--------------------------------        ----        ----        ------- ----- ------------
XSEG                                00000000    0000000A =          10. bytes (REL,CON,XDATA)

      Value  Global                              Global Defined In Module
      -----  --------------------------------   ------------------------
ASxxxx Linker V03.00 + NoICE + sdld,  page 16.
Hexadecimal  [32-Bits]

Area                                    Addr        Size        Decimal Bytes (Attributes)
--------------------------------        ----        ----        ------- ----- ------------
XISEG                               0000000A    00000002 =           2. bytes (REL,CON,XDATA)

      Value  Global                              Global Defined In Module
      -----  --------------------------------   ------------------------
D:   0000000A  _state                             main
D:   0000000B  _press                             main

ASxxxx Linker V03.00 + NoICE + sdld,  page 17.
Hexadecimal  [32-Bits]

Area                                    Addr        Size        Decimal Bytes (Attributes)
--------------------------------        ----        ----        ------- ----- ------------
HOME                                00000000    00000031 =          49. bytes (REL,CON,CODE)

      Value  Global                              Global Defined In Module
      -----  --------------------------------   ------------------------
C:   0000002E  __sdcc_program_startup             main

ASxxxx Linker V03.00 + NoICE + sdld,  page 18.
Hexadecimal  [32-Bits]

Area                                    Addr        Size        Decimal Bytes (Attributes)
--------------------------------        ----        ----        ------- ----- ------------
GSINIT0                             00000031    00000003 =           3. bytes (REL,CON,CODE)

      Value  Global                              Global Defined In Module
      -----  --------------------------------   ------------------------
C:   00000031  __sdcc_gsinit_startup              

ASxxxx Linker V03.00 + NoICE + sdld,  page 19.
Hexadecimal  [32-Bits]

Area                                    Addr        Size        Decimal Bytes (Attributes)
--------------------------------        ----        ----        ------- ----- ------------
GSINIT2                             00000034    0000000A =          10. bytes (REL,CON,CODE)

      Value  Global                              Global Defined In Module
      -----  --------------------------------   ------------------------
ASxxxx Linker V03.00 + NoICE + sdld,  page 20.
Hexadecimal  [32-Bits]

Area                                    Addr        Size        Decimal Bytes (Attributes)
--------------------------------        ----        ----        ------- ----- ------------
GSINIT3                             0000003E    00000022 =          34. bytes (REL,CON,CODE)

      Value  Global                              Global Defined In Module
      -----  --------------------------------   ------------------------
C:   0000003E  __mcs51_genXINIT                   

ASxxxx Linker V03.00 + NoICE + sdld,  page 21.
Hexadecimal  [32-Bits]

Area                                    Addr        Size        Decimal Bytes (Attributes)
--------------------------------        ----        ----        ------- ----- ------------
GSINIT4                             00000060    0000002A =          42. bytes (REL,CON,CODE)

      Value  Global                              Global Defined In Module
      -----  --------------------------------   ------------------------
C:   00000060  __mcs51_genRAMCLEAR                
C:   00000066  __mcs51_genXRAMCLEAR               

ASxxxx Linker V03.00 + NoICE + sdld,  page 22.
Hexadecimal  [32-Bits]

Area                                    Addr        Size        Decimal Bytes (Attributes)
--------------------------------        ----        ----        ------- ----- ------------
GSINIT                              0000008A    0000000E =          14. bytes (REL,CON,CODE)

      Value  Global                              Global Defined In Module
      -----  --------------------------------   ------------------------
ASxxxx Linker V03.00 + NoICE + sdld,  page 23.
Hexadecimal  [32-Bits]

Area                                    Addr        Size        Decimal Bytes (Attributes)
--------------------------------        ----        ----        ------- ----- ------------
GSFINAL                             00000098    00000003 =           3. bytes (REL,CON,CODE)

      Value  Global                              Global Defined In Module
      -----  --------------------------------   ------------------------
ASxxxx Linker V03.00 + NoICE + sdld,  page 24.
Hexadecimal  [32-Bits]

Area                                    Addr        Size        Decimal Bytes (Attributes)
--------------------------------        ----        ----        ------- ----- ------------
CSEG                                0000009B    00000205 =         517. bytes (REL,CON,CODE)

      Value  Global                              Global Defined In Module
      -----  --------------------------------   ------------------------
C:   0000009B  _main                              main
C:   00000166  _sysClockConfig                    sys
C:   00000185  _delay_us                          sys
C:   000001BA  _delay                             sys
C:   000001F7  ___tim2_interrupt                  sys
C:   0000021A  _sysTickConfig                     sys
C:   00000230  _wait                              sys
C:   0000029C  __sdcc_external_startup            _startup

ASxxxx Linker V03.00 + NoICE + sdld,  page 25.
Hexadecimal  [32-Bits]

Area                                    Addr        Size        Decimal Bytes (Attributes)
--------------------------------        ----        ----        ------- ----- ------------
XINIT                               000002A0    00000002 =           2. bytes (REL,CON,CODE)

      Value  Global                              Global Defined In Module
      -----  --------------------------------   ------------------------
ASxxxx Linker V03.00 + NoICE + sdld,  page 26.

Files Linked                              [ module(s) ]

./out/main.rel                            [  ]
E:\Works\NSATX\out\sys.rel                [  ]


Libraries Linked                          [ object file ]

C:\!Apps\SDCC\bin\..\lib\large/mcs51.lib  [ crtclear.rel ]
C:\!Apps\SDCC\bin\..\lib\large/mcs51.lib  [ crtxinit.rel ]
C:\!Apps\SDCC\bin\..\lib\large/mcs51.lib  [ crtxclear.rel ]
C:\!Apps\SDCC\bin\..\lib\large/mcs51.lib  [ crtpagesfr.rel ]
C:\!Apps\SDCC\bin\..\lib\large/mcs51.lib  [ crtstart.rel ]
C:\!Apps\SDCC\bin\..\lib\large/libsdcc.lib
                                          [ _startup.rel ]

ASxxxx Linker V03.00 + NoICE + sdld,  page 27.

User Base Address Definitions

HOME = 0x0000
ISEG = 0x0000
BSEG = 0x0000

